// Jest Snapshot v1, https://goo.gl/fbAQLP

exports[`QuestionAddScreen Rendering should match to snapshot 1`] = `
<View
  style={
    Object {
      "backgroundColor": "white",
      "flex": 1,
      "justifyContent": "center",
    }
  }
>
  <ScrollViewMock>
    <View
      style={
        Object {
          "padding": 24,
        }
      }
    >
      <Text
        style={
          Object {
            "color": "#505b7d",
            "fontSize": 24,
          }
        }
      >
        question
      </Text>
      <Text
        style={
          Object {
            "color": "#505b7d",
            "fontSize": 12,
            "marginTop": 12,
          }
        }
      >
        /url/1
      </Text>
      <Text
        style={
          Object {
            "color": "#505b7d",
            "fontSize": 16,
            "marginTop": 12,
          }
        }
      >
        Published at: 
        6/7/2020
      </Text>
      <Text
        style={
          Object {
            "color": "#505b7d",
            "fontSize": 16,
            "marginTop": 12,
          }
        }
      >
        This question has a total of 0 votes.
      </Text>
      <TouchableOpacity
        activeOpacity={0.2}
        key="url/1"
        onPress={[Function]}
        style={
          Object {
            "alignItems": "center",
            "backgroundColor": "white",
            "borderRadius": 18,
            "borderWidth": 0,
            "elevation": 8,
            "height": 100,
            "justifyContent": "center",
            "margin": 18,
            "shadowColor": "#000",
            "shadowOffset": Object {
              "height": 4,
              "width": 0,
            },
            "shadowOpacity": 0.3,
            "shadowRadius": 4.65,
          }
        }
      >
        <Text
          style={
            Object {
              "fontSize": 18,
            }
          }
        >
          choice 1
        </Text>
      </TouchableOpacity>
    </View>
  </ScrollViewMock>
</View>
`;
