// Jest Snapshot v1, https://goo.gl/fbAQLP

exports[`ErrorView Rendering should match to snapshot 1`] = `
<View
  style={
    Object {
      "alignItems": "center",
      "backgroundColor": "white",
      "flex": 1,
      "justifyContent": "center",
    }
  }
>
  <Text>
    An error has occurred.
  </Text>
</View>
`;
