// Jest Snapshot v1, https://goo.gl/fbAQLP

exports[`QuestionCard Rendering should match to snapshot 1`] = `
<SafeAreaView
  style={
    Object {
      "flex": 1,
    }
  }
>
  <TouchableOpacity
    activeOpacity={0.2}
    onPress={[Function]}
    style={
      Object {
        "alignSelf": "center",
        "backgroundColor": "white",
        "borderRadius": 18,
        "borderWidth": 0,
        "elevation": 8,
        "height": 500,
        "justifyContent": "center",
        "margin": 20,
        "shadowColor": "#000",
        "shadowOffset": Object {
          "height": 4,
          "width": 0,
        },
        "shadowOpacity": 0.3,
        "shadowRadius": 4.65,
        "width": "80%",
      }
    }
  >
    <Image
      resizeMode="contain"
      source={
        Object {
          "testUri": "../../../src/images/1.png",
        }
      }
      style={
        Object {
          "flex": 0.5,
          "width": "100%",
        }
      }
    />
    <View
      style={
        Object {
          "flex": 1,
          "padding": 24,
        }
      }
    >
      <Text
        style={
          Object {
            "color": "#505b7d",
            "fontSize": 24,
          }
        }
      >
        question
      </Text>
      <Text
        style={
          Object {
            "color": "#505b7d",
            "fontSize": 12,
            "marginTop": 12,
          }
        }
      >
        /url
      </Text>
      <Text
        style={
          Object {
            "color": "#505b7d",
            "fontSize": 16,
            "marginTop": 12,
          }
        }
      >
        Published at: 
        6/7/2020
      </Text>
      <Text
        style={
          Object {
            "color": "black",
            "fontSize": 24,
            "marginTop": 24,
          }
        }
      >
        This question has 0 choices and a total of 0 votes. Press here now to vote!
      </Text>
    </View>
  </TouchableOpacity>
</SafeAreaView>
`;
